// Jest Snapshot v1, https://goo.gl/fbAQLP

exports[`withSortMenu render 1`] = `
<div>
  <li
    onClick={[Function]}
  />
</div>
`;
