// Jest Snapshot v1, https://goo.gl/fbAQLP

exports[`withActiveItem render 1`] = `<div />`;
